exports[`test Aside Snapshot matchs 1`] = `
<aside>
  
</aside>
`;
