exports[`test Header Snapshot matchs 1`] = `
<header>
  <strong>
    Select a type of Pock√©mon: water, fire, energy,... whatever!
  </strong>
</header>
`;
