exports[`test Navigation Snapshot matchs 1`] = `
<nav>
  <a
    className="btn"
    href="/">
    Albums
  </a>
  <a
    className="btn"
    href="/about">
    About
  </a>
  <input
    max={6}
    min={2}
    onChange={[Function]}
    type="range"
    value={4} />
</nav>
`;
